[2026-09-15T19:00:00Z] orchestrator: pré-condições verificadas — todos os artefatos obrigatórios de _reversa_sdd/ presentes (code-analysis.md, domain.md, architecture.md, dependencies.md, inventory.md, gaps.md, confidence-report.md)
[2026-09-15T19:00:00Z] orchestrator: primeira execução — nenhum .state.json prévio encontrado
[2026-09-15T19:00:00Z] orchestrator: branch git 'migracao-web-stack' criada a partir de 'main', por pedido explícito do operador
[2026-09-15T19:00:00Z] orchestrator: entrevista de brief concluída — migration_brief.md gerado
[2026-09-15T19:00:00Z] orchestrator: .state.json inicializado — currentAgent=paradigm_advisor
[2026-09-15T19:15:00Z] paradigm_advisor: legado classificado como procedural (🟢 confirmado)
[2026-09-15T19:15:00Z] paradigm_advisor: stack alvo estava "em aberto" no brief — pausa para pergunta ao operador (caso de borda do agente)
[2026-09-15T19:20:00Z] paradigm_advisor: stack definida como Node.js/TypeScript; paradigma natural inferido = event-driven assíncrono; gap = alto
[2026-09-15T19:20:00Z] paradigm_advisor: decisão do usuário = opção 3 (híbrido); derived_appetite = balanced
[2026-09-15T19:20:00Z] paradigm_advisor: paradigm_decision.md gerado — agente concluído
[2026-09-15T19:40:00Z] curator: 26 regras de negócio inventariadas a partir das 5 units de _reversa_sdd/
[2026-09-15T19:40:00Z] curator: target_business_rules.md, discard_log.md e ambiguity_log.md gerados — 20 MIGRAR, 5 DESCARTAR (5 vinculadas a paradigma), 3 DECISÃO HUMANA
[2026-09-15T19:45:00Z] orchestrator: pausa humana — 3 itens DECISÃO HUMANA apresentados ao operador
[2026-09-15T19:50:00Z] orchestrator: todas as 3 decisões resolvidas pelo operador (wizard multi-step; cofre de credenciais; collation parametrizável) — recomendações do Curator aceitas nas 3
[2026-09-15T19:50:00Z] curator: agente concluído
[2026-09-15T20:00:00Z] strategist: 3 estratégias avaliadas (Strangler Fig, Parallel Run, Big Bang) — migration_strategy.md, risk_register.md (8 riscos, 2 críticos), cutover_plan.md gerados
[2026-09-15T20:10:00Z] orchestrator: pausa humana — escolha de estratégia
[2026-09-15T20:10:00Z] orchestrator: operador escolheu A+B (Strangler Fig + Parallel Run), conforme recomendação
[2026-09-15T20:10:00Z] strategist: agente concluído
[2026-09-15T20:20:00Z] designer: Fase 1 (topologia) — legado classificado como monolito de script único; topologia moderna proposta = vertical slices por feature
[2026-09-15T20:20:00Z] designer: topology_decision.md gerado — status awaiting_user_approval
[2026-09-15T20:30:00Z] orchestrator: pausa humana — aprovação de topologia
[2026-09-15T20:30:00Z] orchestrator: operador aprovou opção 3 (híbrido), conforme recomendação — topologyApproved=true
[2026-09-15T20:45:00Z] designer: Fase 2 (arquitetura) — target_architecture.md, target_domain_model.md, target_data_model.md, data_migration_plan.md gerados
[2026-09-15T20:50:00Z] orchestrator: pausa humana — aprovação de arquitetura final
[2026-09-15T20:50:00Z] orchestrator: operador aprovou sem ajustes
[2026-09-15T20:50:00Z] designer: agente concluído
[2026-09-15T20:55:00Z] screen_translator: legado sem UI detectado (0 telas) — agente rodou em modo skipped, sem pausa humana
[2026-09-15T20:55:00Z] screen_translator: screen_modernization_decision.md, target_screens.md, screen_deviation_log.md gerados (skipped)
[2026-09-15T21:10:00Z] inspector: parity_specs.md gerado — cobertura adaptada ao paradigma híbrido (idempotência de retomada de job + ordem determinística, sem dimensões plenas de event-driven)
[2026-09-15T21:10:00Z] inspector: 6 arquivos parity_tests/*.feature gerados a partir de requirements.md das units + target_business_rules.md (sem characterization_specs/ pré-existente)
[2026-09-15T21:10:00Z] inspector: agente concluído — pipeline do Time de Migração completo
[2026-09-15T21:20:00Z] orchestrator: ambiguity_log.md consolidado — 0 PENDENTES, 17 RESOLVIDOS COM DECISÃO HUMANA, 5 REFERIDOS À CODIFICAÇÃO
[2026-09-15T21:20:00Z] orchestrator: handoff.md gerado
[2026-09-15T21:20:00Z] orchestrator: pipeline de migração concluído

# Contagem de tokens/custo: não exposta pela engine nesta sessão — campos deixados vazios intencionalmente.
